I'm sorry, but errors were detected in your script. Please correct the
errors listed below, and try again.


File "game/events.rpy", line 196: expected ':' not found.
    label ending_fin
                    ^

Ren'Py Version: Ren'Py 8.3.7.25031702
Mon Sep 28 13:48:53 2026
